D:/TouchGFX_projects/dvd_project/oscilloscope/oscilloscope/Core/Src/main.c:858:6:StartDefaultTask	8	static
D:/TouchGFX_projects/dvd_project/oscilloscope/oscilloscope/Core/Src/main.c:130:6:HAL_ADC_ConvCpltCallback	0	static
D:/TouchGFX_projects/dvd_project/oscilloscope/oscilloscope/Core/Src/main.c:258:6:SystemClock_Config	88	static
D:/TouchGFX_projects/dvd_project/oscilloscope/oscilloscope/Core/Src/main.c:145:5:main	160	static,ignoring_inline_asm
D:/TouchGFX_projects/dvd_project/oscilloscope/oscilloscope/Core/Src/main.c:914:6:HAL_TIM_PeriodElapsedCallback	0	static
D:/TouchGFX_projects/dvd_project/oscilloscope/oscilloscope/Core/Src/main.c:931:6:Error_Handler	0	static
