D:/TouchGFX_projects/dvd_project/oscilloscope/oscilloscope/Core/Src/stm32f7xx_hal_msp.c:67:6:HAL_MspInit	8	static
D:/TouchGFX_projects/dvd_project/oscilloscope/oscilloscope/Core/Src/stm32f7xx_hal_msp.c:92:6:HAL_ADC_MspInit	48	static
D:/TouchGFX_projects/dvd_project/oscilloscope/oscilloscope/Core/Src/stm32f7xx_hal_msp.c:151:6:HAL_ADC_MspDeInit	8	static
D:/TouchGFX_projects/dvd_project/oscilloscope/oscilloscope/Core/Src/stm32f7xx_hal_msp.c:184:6:HAL_CRC_MspInit	8	static
D:/TouchGFX_projects/dvd_project/oscilloscope/oscilloscope/Core/Src/stm32f7xx_hal_msp.c:206:6:HAL_CRC_MspDeInit	0	static
D:/TouchGFX_projects/dvd_project/oscilloscope/oscilloscope/Core/Src/stm32f7xx_hal_msp.c:228:6:HAL_DMA2D_MspInit	16	static
D:/TouchGFX_projects/dvd_project/oscilloscope/oscilloscope/Core/Src/stm32f7xx_hal_msp.c:253:6:HAL_DMA2D_MspDeInit	0	static
D:/TouchGFX_projects/dvd_project/oscilloscope/oscilloscope/Core/Src/stm32f7xx_hal_msp.c:278:6:HAL_I2C_MspInit	168	static
D:/TouchGFX_projects/dvd_project/oscilloscope/oscilloscope/Core/Src/stm32f7xx_hal_msp.c:324:6:HAL_I2C_MspDeInit	8	static
D:/TouchGFX_projects/dvd_project/oscilloscope/oscilloscope/Core/Src/stm32f7xx_hal_msp.c:355:6:HAL_LTDC_MspInit	192	static
D:/TouchGFX_projects/dvd_project/oscilloscope/oscilloscope/Core/Src/stm32f7xx_hal_msp.c:472:6:HAL_LTDC_MspDeInit	8	static
D:/TouchGFX_projects/dvd_project/oscilloscope/oscilloscope/Core/Src/stm32f7xx_hal_msp.c:541:6:HAL_QSPI_MspInit	64	static
D:/TouchGFX_projects/dvd_project/oscilloscope/oscilloscope/Core/Src/stm32f7xx_hal_msp.c:604:6:HAL_QSPI_MspDeInit	8	static
D:/TouchGFX_projects/dvd_project/oscilloscope/oscilloscope/Core/Src/stm32f7xx_hal_msp.c:641:6:HAL_TIM_PWM_MspInit	8	static
D:/TouchGFX_projects/dvd_project/oscilloscope/oscilloscope/Core/Src/stm32f7xx_hal_msp.c:657:6:HAL_TIM_MspPostInit	32	static
D:/TouchGFX_projects/dvd_project/oscilloscope/oscilloscope/Core/Src/stm32f7xx_hal_msp.c:689:6:HAL_TIM_PWM_MspDeInit	0	static
D:/TouchGFX_projects/dvd_project/oscilloscope/oscilloscope/Core/Src/stm32f7xx_hal_msp.c:813:6:HAL_SDRAM_MspInit	48	static
D:/TouchGFX_projects/dvd_project/oscilloscope/oscilloscope/Core/Src/stm32f7xx_hal_msp.c:899:6:HAL_SDRAM_MspDeInit	8	static
