../../Middlewares/ST/touchgfx/framework/include/touchgfx/Screen.hpp:104:18:virtual void touchgfx::Screen::afterTransition()	0	static
../../Middlewares/ST/touchgfx/framework/include/touchgfx/Screen.hpp:144:18:virtual void touchgfx::Screen::handleTickEvent()	0	static
../../Middlewares/ST/touchgfx/framework/include/touchgfx/Screen.hpp:154:18:virtual void touchgfx::Screen::handleKeyEvent(uint8_t)	0	static
D:/TouchGFX_projects/dvd_project/oscilloscope/oscilloscope/TouchGFX/gui/src/stack_screen/stackView.cpp:13:6:virtual void stackView::tearDownScreen()	0	static
../../TouchGFX/gui/include/gui/stack_screen/stackView.hpp:11:13:stackView::~stackView()	8	static
../../TouchGFX/gui/include/gui/stack_screen/stackView.hpp:11:13:virtual stackView::~stackView()	8	static
D:/TouchGFX_projects/dvd_project/oscilloscope/oscilloscope/TouchGFX/gui/src/stack_screen/stackView.cpp:3:1:stackView::stackView()	8	static
D:/TouchGFX_projects/dvd_project/oscilloscope/oscilloscope/TouchGFX/gui/src/stack_screen/stackView.cpp:18:6:void stackView::UpdateGraph(uint16_t)	0	static
D:/TouchGFX_projects/dvd_project/oscilloscope/oscilloscope/TouchGFX/gui/src/stack_screen/stackView.cpp:23:6:void stackView::UpdateGraph2(uint16_t)	0	static
D:/TouchGFX_projects/dvd_project/oscilloscope/oscilloscope/TouchGFX/gui/src/stack_screen/stackView.cpp:8:6:virtual void stackView::setupScreen()	0	static
